---
source: cargo-smart-release/tests/changelog/write_and_parse/mod.rs
expression: md
---
# Changelog

my very own header

## Unreleased

<csr-unknown>
hello
world
<csr-unknown/>

#### 1.0.2-beta.2 (1970-01-01)

* hello world
	this

##### Thanks Clippy

<csr-read-only-do-not-edit/>

[Clippy](https://github.com/rust-lang/rust-clippy) helped 42 times to make code idiomatic. 

##### Commit Statistics

<csr-read-only-do-not-edit/>

 - 100 commits contributed to the release over the course of 32 calendar days.
 - 60 days passed between releases.
 - 20 commits were understood as [conventional](https://www.conventionalcommits.org).
 - 3 unique issues were worked on: #1, Uncategorized, #42

##### Commit Details

<csr-read-only-do-not-edit/>

<details><summary>view details</summary>

 * **#42**
    - Just the title (e69de29)
    - another title (e69de29)
 * **Uncategorized**
    - Just the title (e69de29)
    - title and body (e69de29)
</details>


