---
source: cargo-smart-release/tests/changelog/write_and_parse/mod.rs
expression: buf.to_str()?

---

