source: cool-workspace/tests/changelog/write_and_parse/mod.rs
source: publish-cool-/tests/changelog/write_and_parse/mod.rs
expression: buf.to_str()?

---
# Changelog

my very own header


